init True
successfully unlocked Spatial components
app ZemaxUI.Common.ViewModels.ZOSAPI_Application license True
Traceback (most recent call last):
  File "D:\_Camera\LensRebuild\SuperSymmarXL\overnight_20260915\cdgm\_pipeline\materials.py", line 37, in <module>
    if 'cdgm'=='cdgm':assert all_cdgm,'CDGM phase requires all six native materials to resolve unambiguously through CDGM catalogs in use'
                             ^^^^^^^^
AssertionError: CDGM phase requires all six native materials to resolve unambiguously through CDGM catalogs in use
init True
successfully unlocked Spatial components
app ZemaxUI.Common.ViewModels.ZOSAPI_Application license True
Traceback (most recent call last):
  File "D:\_Camera\LensRebuild\SuperSymmarXL\overnight_20260915\cdgm\_pipeline\materials.py", line 40, in <module>
    if 'cdgm'=='cdgm':assert all_cdgm,'CDGM phase requires all six native materials to resolve unambiguously through CDGM catalogs in use'
                             ^^^^^^^^
AssertionError: CDGM phase requires all six native materials to resolve unambiguously through CDGM catalogs in use
init True
successfully unlocked Spatial components
app ZemaxUI.Common.ViewModels.ZOSAPI_Application license True
CATALOG_DIAGNOSTIC {"available": ["AMTIR", "ANGSTROMLINK", "APEL", "ARCHER", "ARTON", "AUER-LIGHTING", "BIREFRINGENT", "CORNING", "DELO", "DOWSIL_MS", "GBJ", "HERAEUS", "HIKARI", "HOYA", "INFRARED", "IRPHOTONICS", "ISUZU", "KOPPGLASS", "LACROIX", "LIGHTPATH", "LUXEXCEL", "LZOS", "MISC", "NHG", "NIHON_KESSHO_KOGAKU", "NIKON", "NIKON-HIKARI", "OHARA", "OPTIMAX", "OPTOTUNE", "OSAKAGASCHEMICAL", "PILKINGTON", "Rad_Hard", "REDWAVE_IR", "RPO", "SABIC_Thermo_Optical_Polymers", "SCHOTT_IRG", "Sumita", "TOPAS", "UMICORE", "ZEON"], "in_use": ["SCHOTT", "CDGM", ""], "cdgm_catalogs": ["CDGM"], "cdgm_material_count": 322, "elements": [{"element": 1, "surface": 1, "historical_reference_glass": "KF9", "native_material": "H-KF6", "native_material_solve": "Fixed", "catalogs_in_use_containing_material": ["GBJ", "NHG", "CDGM"], "member_of_available_CDGM_catalog": true, "unambiguous_CDGM_resolution": false}, {"element": 2, "surface": 3, "historical_reference_glass": "N-LAK33B", "native_material": "H-LAK53A", "native_material_solve": "Fixed", "catalogs_in_use_containing_material": ["NHG", "CDGM"], "member_of_available_CDGM_catalog": true, "unambiguous_CDGM_resolution": false}, {"element": 3, "surface": 5, "historical_reference_glass": "N-LAK33B", "native_material": "H-LAK53B", "native_material_solve": "Fixed", "catalogs_in_use_containing_material": ["CDGM"], "member_of_available_CDGM_catalog": true, "unambiguous_CDGM_resolution": true}, {"element": 4, "surface": 8, "historical_reference_glass": "N-SK5", "native_material": "H-ZK3A", "native_material_solve": "Fixed", "catalogs_in_use_containing_material": ["NHG", "CDGM"], "member_of_available_CDGM_catalog": true, "unambiguous_CDGM_resolution": false}, {"element": 5, "surface": 9, "historical_reference_glass": "F2", "native_material": "F4GTI", "native_material_solve": "Fixed", "catalogs_in_use_containing_material": ["CDGM"], "member_of_available_CDGM_catalog": true, "unambiguous_CDGM_resolution": true}, {"element": 6, "surface": 11, "historical_reference_glass": "K10", "native_material": "H-K1", "native_material_solve": "Fixed", "catalogs_in_use_containing_material": ["CDGM"], "member_of_available_CDGM_catalog": true, "unambiguous_CDGM_resolution": true}]}
Traceback (most recent call last):
  File "D:\_Camera\LensRebuild\SuperSymmarXL\overnight_20260915\cdgm\_pipeline\materials.py", line 42, in <module>
    if 'cdgm'=='cdgm':assert all_cdgm,'CDGM phase requires all six native materials to resolve unambiguously through CDGM catalogs in use'
                             ^^^^^^^^
AssertionError: CDGM phase requires all six native materials to resolve unambiguously through CDGM catalogs in use
init True
successfully unlocked Spatial components
app ZemaxUI.Common.ViewModels.ZOSAPI_Application license True
CATALOG_DIAGNOSTIC {"available": ["AMTIR", "ANGSTROMLINK", "APEL", "ARCHER", "ARTON", "AUER-LIGHTING", "BIREFRINGENT", "CORNING", "DELO", "DOWSIL_MS", "GBJ", "HERAEUS", "HIKARI", "HOYA", "INFRARED", "IRPHOTONICS", "ISUZU", "KOPPGLASS", "LACROIX", "LIGHTPATH", "LUXEXCEL", "LZOS", "MISC", "NHG", "NIHON_KESSHO_KOGAKU", "NIKON", "NIKON-HIKARI", "OHARA", "OPTIMAX", "OPTOTUNE", "OSAKAGASCHEMICAL", "PILKINGTON", "Rad_Hard", "REDWAVE_IR", "RPO", "SABIC_Thermo_Optical_Polymers", "SCHOTT_IRG", "Sumita", "TOPAS", "UMICORE", "ZEON"], "in_use": ["SCHOTT", "CDGM", ""], "cdgm_catalogs": ["CDGM"], "cdgm_material_count": 322, "elements": [{"element": 1, "surface": 1, "historical_reference_glass": "KF9", "native_material": "H-KF6", "native_material_solve": "Fixed", "catalogs_in_use_containing_material": ["CDGM"], "member_of_available_CDGM_catalog": true, "unambiguous_CDGM_resolution": true}, {"element": 2, "surface": 3, "historical_reference_glass": "N-LAK33B", "native_material": "H-LAK53A", "native_material_solve": "Fixed", "catalogs_in_use_containing_material": ["CDGM"], "member_of_available_CDGM_catalog": true, "unambiguous_CDGM_resolution": true}, {"element": 3, "surface": 5, "historical_reference_glass": "N-LAK33B", "native_material": "H-LAK53B", "native_material_solve": "Fixed", "catalogs_in_use_containing_material": ["CDGM"], "member_of_available_CDGM_catalog": true, "unambiguous_CDGM_resolution": true}, {"element": 4, "surface": 8, "historical_reference_glass": "N-SK5", "native_material": "H-ZK3A", "native_material_solve": "Fixed", "catalogs_in_use_containing_material": ["CDGM"], "member_of_available_CDGM_catalog": true, "unambiguous_CDGM_resolution": true}, {"element": 5, "surface": 9, "historical_reference_glass": "F2", "native_material": "F4GTI", "native_material_solve": "Fixed", "catalogs_in_use_containing_material": ["CDGM"], "member_of_available_CDGM_catalog": true, "unambiguous_CDGM_resolution": true}, {"element": 6, "surface": 11, "historical_reference_glass": "K10", "native_material": "H-K1", "native_material_solve": "Fixed", "catalogs_in_use_containing_material": ["CDGM"], "member_of_available_CDGM_catalog": true, "unambiguous_CDGM_resolution": true}]}
Verified six native material/catalog identities; all CDGM: True
