init True
successfully unlocked Spatial components
app ZemaxUI.Common.ViewModels.ZOSAPI_Application license True
FO_PRECONDITION 0 before [144.5861587562983, 131.56424197350987, 36.927277835985585, 77.25460001272867] after [148.09999789890486, 135.89999797214193, 36.600000178100586, 77.41599989785078] feasible True
GLOBAL_BEST cdgm 1 max 0.5427467 rms 0.2015108 ['H-KF6', 'H-LAK53B', 'H-LAK53B', 'H-ZK3A', 'F4GTI', 'H-K1']
EVAL 0 1 max 0.542747 fo [148.1   135.9    36.6    77.416]
init True
init True
init True
init True
init True
successfully unlocked Spatial components
successfully unlocked Spatial components
successfully unlocked Spatial components
successfully unlocked Spatial components
successfully unlocked Spatial components
app ZemaxUI.Common.ViewModels.ZOSAPI_Application license True
app ZemaxUI.Common.ViewModels.ZOSAPI_Application license True
app ZemaxUI.Common.ViewModels.ZOSAPI_Application license True
app ZemaxUI.Common.ViewModels.ZOSAPI_Application license True
app ZemaxUI.Common.ViewModels.ZOSAPI_Application license True
EVAL 0 2 max 0.507292 fo [147.98  135.337  36.786  77.532]
EVAL 0 3 max 0.467528 fo [148.439 136.023  36.799  77.618]
GLOBAL_BEST cdgm 2 max 0.4342316 rms 0.15091 ['H-KF6', 'H-LAK53B', 'H-LAK53B', 'H-ZK3A', 'F4GTI', 'H-K1']
EVAL 0 4 max 0.434232 fo [148.146 135.612  36.818  77.598]
GLOBAL_BEST cdgm 3 max 0.4052067 rms 0.1387901 ['H-KF6', 'H-LAK53B', 'H-LAK53B', 'H-ZK3A', 'F4GTI', 'H-K1']
EVAL 0 5 max 0.405207 fo [148.246 135.574  36.847  77.634]
EVAL 0 6 max 0.368727 fo [147.742 134.983  36.86   77.631]
EVAL 0 7 max 0.353798 fo [147.655 134.793  36.876  77.631]
init True
successfully unlocked Spatial components
app ZemaxUI.Common.ViewModels.ZOSAPI_Application license True
init True
successfully unlocked Spatial components
app ZemaxUI.Common.ViewModels.ZOSAPI_Application license True
EVAL 0 1 max 0.405207 fo [148.246 135.574  36.847  77.634]
init True
init True
init True
init True
init True
init True
init True
successfully unlocked Spatial components
successfully unlocked Spatial components
successfully unlocked Spatial components
successfully unlocked Spatial components
successfully unlocked Spatial components
successfully unlocked Spatial components
successfully unlocked Spatial components
app ZemaxUI.Common.ViewModels.ZOSAPI_Application license True
app ZemaxUI.Common.ViewModels.ZOSAPI_Application license True
app ZemaxUI.Common.ViewModels.ZOSAPI_Application license True
app ZemaxUI.Common.ViewModels.ZOSAPI_Application license True
app ZemaxUI.Common.ViewModels.ZOSAPI_Application license True
app ZemaxUI.Common.ViewModels.ZOSAPI_Application license True
app ZemaxUI.Common.ViewModels.ZOSAPI_Application license True
EVAL 0 2 max 0.359299 fo [148.303 135.383  36.896  77.605]
GLOBAL_BEST cdgm 4 max 0.3735349 rms 0.1271695 ['H-KF6', 'H-LAK53B', 'H-LAK53B', 'H-ZK3A', 'F4GTI', 'H-K1']
EVAL 0 3 max 0.373535 fo [148.266 135.643  36.907  77.668]
EVAL 0 4 max 0.327416 fo [148.727 135.893  36.884  77.621]
EVAL 0 5 max 0.306821 fo [148.299 135.195  36.928  77.619]
EVAL 0 6 max 0.325315 fo [148.529 135.372  36.94   77.631]
EVAL 0 7 max 0.271366 fo [148.591 135.51   36.926  77.621]
EVAL 0 8 max 0.256068 fo [148.49  135.339  36.936  77.623]
EVAL 0 9 max 0.236142 fo [148.555 135.309  36.95   77.624]
EVAL 0 10 max 0.20547 fo [148.724 135.366  36.967  77.623]
EVAL 0 11 max 0.201931 fo [148.699 135.288  36.973  77.623]
EVAL 0 12 max 0.252219 fo [148.476 134.894  37.015  77.631]
EVAL 0 13 max 0.202623 fo [148.417 134.921  36.989  77.628]
EVAL 0 14 max 0.189193 fo [148.577 135.101  36.986  77.627]
EVAL 0 15 max 0.181932 fo [148.611 135.138  36.986  77.627]
ROUND_END 0 Round wall-clock budget reached
FO_PRECONDITION 1 before [163.32677088932857, 150.74751139587127, 36.74432135829477, 77.66764293259277] after [148.0999946301777, 135.8999941530127, 36.60000000229601, 77.41600003394852] feasible True
COMBO_BEST cdgm 5 max 0.6856884 rms 0.312954 ['H-K51', 'H-LAK53B', 'H-LAK53B', 'H-ZK3A', 'H-F4', 'H-K10']
EVAL 1 1 max 0.685688 fo [148.1   135.9    36.6    77.416]
EVAL 1 2 max 0.704044 fo [148.493 136.357  36.546  77.196]
EVAL 1 3 max 0.61571 fo [146.75  135.266  36.443  77.081]
EVAL 1 4 max 0.67076 fo [148.602 137.457  36.358  77.046]
EVAL 1 5 max 0.56506 fo [146.451 136.22   36.3    77.063]
EVAL 1 6 max 0.584941 fo [147.889 137.094  36.33   77.073]
EVAL 1 7 max 0.533735 fo [148.281 137.792  36.288  77.051]
EVAL 1 8 max 0.590346 fo [147.46  136.638  36.332  77.066]
EVAL 1 9 max 0.566648 fo [147.855 137.194  36.316  77.066]
EVAL 1 10 max 0.548044 fo [147.943 137.364  36.306  77.062]
EVAL 1 11 max 0.535695 fo [148.179 137.701  36.301  77.072]
EVAL 1 12 max 0.520436 fo [148.11  137.662  36.298  77.066]
EVAL 1 13 max 0.532026 fo [147.975 137.472  36.304  77.07 ]
ROUND_END 1 Round wall-clock budget reached
EVAL 2 1 max 0.413102 fo [148.322 135.669  36.914  77.675]
EVAL 2 2 max 0.314278 fo [148.013 135.187  36.939  77.664]
EVAL 2 3 max 0.278029 fo [148.192 135.212  36.962  77.664]
EVAL 2 4 max 0.25793 fo [148.167 135.001  36.991  77.658]
EVAL 2 5 max 0.228402 fo [148.438 135.242  37.     77.659]
EVAL 2 6 max 0.195675 fo [148.367 135.006  37.027  77.657]
EVAL 2 7 max 0.283908 fo [148.643 135.302  37.022  77.65 ]
EVAL 2 8 max 0.182239 fo [148.643 135.313  37.022  77.656]
EVAL 2 9 max 0.192238 fo [148.523 135.168  37.026  77.656]
EVAL 2 10 max 0.185712 fo [148.586 135.236  37.025  77.656]
EVAL 2 11 max 0.177876 fo [148.647 135.3    37.025  77.655]
EVAL 2 12 max 0.184171 fo [148.568 135.206  37.027  77.655]
EVAL 2 13 max 0.181412 fo [148.595 135.235  37.026  77.655]
ROUND_END 2 Round wall-clock budget reached
FO_PRECONDITION 3 before [154.99061363632453, 144.70008545177043, 36.428177451777955, 77.66764293259277] after [148.0999963493223, 135.89999569929668, 36.600000064082835, 77.41600007048562] feasible True
COMBO_BEST cdgm 6 max 0.6286453 rms 0.2868478 ['H-K12', 'H-LAK53B', 'H-LAK53B', 'H-ZK3A', 'F4GTI', 'H-K1']
EVAL 3 1 max 0.628645 fo [148.1   135.9    36.6    77.416]
EVAL 3 2 max 0.604963 fo [147.168 134.791  36.616  77.395]
EVAL 3 3 max 0.549287 fo [148.475 136.926  36.452  77.262]
EVAL 3 4 max 0.474346 fo [147.918 136.754  36.341  77.323]
EVAL 3 5 max 0.382578 fo [147.378 136.172  36.338  77.285]
EVAL 3 6 max 0.465299 fo [148.222 137.572  36.273  77.298]
EVAL 3 7 max 0.38359 fo [148.305 137.29   36.314  77.286]
EVAL 3 8 max 0.361129 fo [147.654 136.492  36.333  77.285]
EVAL 3 9 max 0.364096 fo [147.745 136.618  36.329  77.284]
EVAL 3 10 max 0.355247 fo [148.023 136.986  36.318  77.283]
EVAL 3 11 max 0.383197 fo [147.708 136.643  36.323  77.283]
EVAL 3 12 max 0.360031 fo [147.921 136.872  36.32   77.283]
EVAL 3 13 max 0.361437 fo [147.929 136.892  36.319  77.283]
EVAL 3 14 max 0.357755 fo [148.018 137.018  36.315  77.283]
ROUND_END 3 Round wall-clock budget reached
EVAL 4 1 max 0.378243 fo [148.048 135.442  36.891  77.669]
EVAL 4 2 max 0.339174 fo [147.734 134.935  36.921  77.659]
EVAL 4 3 max 0.323332 fo [148.221 135.341  36.932  77.665]
EVAL 4 4 max 0.257278 fo [148.138 135.061  36.963  77.659]
EVAL 4 5 max 0.263873 fo [148.45  135.244  36.984  77.664]
EVAL 4 6 max 0.243746 fo [148.34  135.262  36.964  77.661]
EVAL 4 7 max 0.228845 fo [148.164 135.019  36.974  77.66 ]
EVAL 4 8 max 0.224994 fo [148.356 135.2    36.976  77.661]
EVAL 4 9 max 0.219397 fo [148.164 134.951  36.985  77.66 ]
EVAL 4 10 max 0.213204 fo [148.441 135.242  36.983  77.66 ]
EVAL 4 11 max 0.20485 fo [148.367 135.154  36.985  77.66 ]
EVAL 4 12 max 0.20531 fo [148.3   135.059  36.989  77.66 ]
EVAL 4 13 max 0.198591 fo [148.432 135.189  36.99   77.659]
ROUND_END 4 Round wall-clock budget reached
FO_PRECONDITION 5 before [150.4628147326188, 138.60144453109532, 36.74432135829477, 77.66764293259277] after [148.09999999290218, 135.90000000717905, 36.600000090550296, 77.41600002317206] feasible True
COMBO_BEST cdgm 7 max 0.5491842 rms 0.2320985 ['H-K51', 'H-LAK53B', 'H-LAK53B', 'H-ZK3A', 'F4GTI', 'H-K1']
EVAL 5 1 max 0.549184 fo [148.1   135.9    36.6    77.416]
EVAL 5 2 max 0.511409 fo [148.019 136.396  36.53   77.328]
EVAL 5 3 max 0.494672 fo [148.507 137.059  36.509  77.355]
EVAL 5 4 max 0.523973 fo [147.993 136.675  36.492  77.361]
EVAL 5 5 max 0.468097 fo [148.379 137.122  36.485  77.364]
EVAL 5 6 max 0.469012 fo [148.501 137.278  36.483  77.369]
EVAL 5 7 max 0.468139 fo [148.432 137.185  36.484  77.365]
EVAL 5 8 max 0.468128 fo [148.362 137.112  36.485  77.366]
EVAL 5 9 max 0.468145 fo [148.257 137.007  36.487  77.369]
EVAL 5 10 max 0.468148 fo [148.121 136.892  36.487  77.372]
EVAL 5 11 max 0.468206 fo [148.084 136.949  36.48   77.376]
init True
successfully unlocked Spatial components
app ZemaxUI.Common.ViewModels.ZOSAPI_Application license True
EVAL 0 1 max 0.373535 fo [148.266 135.643  36.907  77.668]
init True
init True
init True
init True
init True
init True
init True
successfully unlocked Spatial components
successfully unlocked Spatial components
successfully unlocked Spatial components
successfully unlocked Spatial components
successfully unlocked Spatial components
successfully unlocked Spatial components
successfully unlocked Spatial components
app ZemaxUI.Common.ViewModels.ZOSAPI_Application license True
app ZemaxUI.Common.ViewModels.ZOSAPI_Application license True
app ZemaxUI.Common.ViewModels.ZOSAPI_Application license True
app ZemaxUI.Common.ViewModels.ZOSAPI_Application license True
app ZemaxUI.Common.ViewModels.ZOSAPI_Application license True
app ZemaxUI.Common.ViewModels.ZOSAPI_Application license True
app ZemaxUI.Common.ViewModels.ZOSAPI_Application license True
GLOBAL_BEST cdgm 8 max 0.2605089 rms 0.0820931 ['H-KF6', 'H-LAK53B', 'H-LAK53B', 'H-ZK3A', 'F4GTI', 'H-K1']
EVAL 0 2 max 0.260509 fo [148.346 135.454  36.968  77.67 ]
GLOBAL_BEST cdgm 9 max 0.2054174 rms 0.0658598 ['H-KF6', 'H-LAK53B', 'H-LAK53B', 'H-ZK3A', 'F4GTI', 'H-K1']
EVAL 0 3 max 0.205417 fo [148.339 135.294  37.009  77.409]
GLOBAL_BEST cdgm 10 max 0.1683528 rms 0.0506372 ['H-KF6', 'H-LAK53B', 'H-LAK53B', 'H-ZK3A', 'F4GTI', 'H-K1']
EVAL 0 4 max 0.168353 fo [148.242 135.548  36.91   77.053]
GLOBAL_BEST cdgm 11 max 0.1391132 rms 0.0397157 ['H-KF6', 'H-LAK53B', 'H-LAK53B', 'H-ZK3A', 'F4GTI', 'H-K1']
EVAL 0 5 max 0.139113 fo [148.196 135.94   36.921  77.009]
EVAL 0 6 max 0.148602 fo [148.142 135.862  36.948  77.136]
EVAL 0 7 max 0.140618 fo [148.158 135.827  36.957  77.101]
GLOBAL_BEST cdgm 12 max 0.1391009 rms 0.0329009 ['H-KF6', 'H-LAK53B', 'H-LAK53B', 'H-ZK3A', 'F4GTI', 'H-K1']
EVAL 0 8 max 0.139101 fo [148.191 135.936  36.922  77.024]
GLOBAL_BEST cdgm 13 max 0.1306184 rms 0.0328627 ['H-KF6', 'H-LAK53B', 'H-LAK53B', 'H-ZK3A', 'F4GTI', 'H-K1']
EVAL 0 9 max 0.130618 fo [148.046 135.776  36.923  77.021]
GLOBAL_BEST cdgm 14 max 0.1220333 rms 0.0335205 ['H-KF6', 'H-LAK53B', 'H-LAK53B', 'H-ZK3A', 'F4GTI', 'H-K1']
EVAL 0 10 max 0.122033 fo [148.037 135.768  36.921  77.015]
EVAL 0 11 max 0.132163 fo [148.119 135.847  36.919  77.021]
EVAL 0 12 max 0.125826 fo [148.105 135.841  36.92   77.017]
EVAL 0 13 max 0.124699 fo [148.075 135.807  36.92   77.016]
ROUND_END 0 Round wall-clock budget reached
FO_PRECONDITION 1 before [153.99745601305668, 143.82130808488787, 36.488381316519074, 77.01519701976811] after [148.09999082453524, 135.89999157490462, 36.59999983905802, 77.4159998433091] feasible True
COMBO_BEST cdgm 15 max 0.593689 rms 0.2632233 ['H-QF6A', 'H-LAK53B', 'H-LAK53B', 'H-ZK3A', 'F4GTI', 'H-K1']
EVAL 1 1 max 0.593689 fo [148.1   135.9    36.6    77.416]
EVAL 1 2 max 0.508441 fo [146.703 133.991  36.769  77.375]
EVAL 1 3 max 0.482855 fo [148.98  135.656  36.83   77.286]
EVAL 1 4 max 0.484167 fo [148.513 134.546  36.843  77.188]
EVAL 1 5 max 0.428271 fo [148.623 134.537  36.84   77.137]
EVAL 1 6 max 0.557713 fo [148.455 134.135  36.861  77.151]
EVAL 1 7 max 0.416495 fo [149.085 135.048  36.832  77.143]
EVAL 1 8 max 0.40186 fo [148.9   134.839  36.836  77.142]
EVAL 1 9 max 0.403419 fo [148.608 134.491  36.844  77.141]
EVAL 1 10 max 0.398834 fo [148.81  134.734  36.838  77.142]
EVAL 1 11 max 0.397679 fo [148.684 134.577  36.842  77.142]
EVAL 1 12 max 0.395939 fo [148.778 134.67   36.842  77.144]
EVAL 1 13 max 0.394588 fo [148.647 134.509  36.846  77.143]
ROUND_END 1 Round wall-clock budget reached
EVAL 2 1 max 0.130484 fo [148.094 135.794  36.928  77.023]
EVAL 2 2 max 0.181282 fo [148.064 135.791  36.919  77.013]
GLOBAL_BEST cdgm 16 max 0.1210109 rms 0.0328444 ['H-KF6', 'H-LAK53B', 'H-LAK53B', 'H-ZK3A', 'F4GTI', 'H-K1']
EVAL 2 3 max 0.121011 fo [148.027 135.719  36.928  77.019]
EVAL 2 4 max 0.124086 fo [148.095 135.82   36.92   77.018]
EVAL 2 5 max 0.123015 fo [148.092 135.797  36.926  77.019]
EVAL 2 6 max 0.12236 fo [148.077 135.78   36.926  77.018]
EVAL 2 7 max 0.121977 fo [148.074 135.779  36.925  77.018]
EVAL 2 8 max 0.122062 fo [148.077 135.786  36.923  77.017]
EVAL 2 9 max 0.121747 fo [148.071 135.781  36.922  77.017]
EVAL 2 10 max 0.122203 fo [148.072 135.784  36.92   77.016]
EVAL 2 11 max 0.121931 fo [148.073 135.783  36.922  77.016]
EVAL 2 12 max 0.121807 fo [148.072 135.782  36.922  77.016]
EVAL 2 13 max 0.121764 fo [148.071 135.781  36.922  77.017]
EVAL 2 14 max 0.121752 fo [148.071 135.781  36.922  77.017]
EVAL 2 15 max 0.121748 fo [148.071 135.781  36.922  77.017]
EVAL 2 16 max 0.121747 fo [148.071 135.781  36.922  77.017]
EVAL 2 17 max 0.121747 fo [148.071 135.781  36.922  77.017]
EVAL 2 18 max 0.121747 fo [148.071 135.781  36.922  77.017]
EVAL 2 19 max 0.121747 fo [148.071 135.781  36.922  77.017]
EVAL 2 20 max 0.121747 fo [148.071 135.781  36.922  77.017]
ROUND_END 2 `xtol` termination condition is satisfied.
FO_PRECONDITION 3 before [148.0269429200793, 135.71859883328972, 36.928424954285894, 77.01888058038314] after [148.09999995022517, 135.9000000355601, 36.600000337611064, 77.4159998226812] feasible True
COMBO_BEST cdgm 17 max 0.6134025 rms 0.1726234 ['H-KF6', 'H-LAK53A', 'H-LAK53B', 'H-ZK3A', 'F4GTI', 'H-K1']
EVAL 3 1 max 0.613403 fo [148.1   135.9    36.6    77.416]
COMBO_BEST cdgm 18 max 0.3517236 rms 0.1213293 ['H-KF6', 'H-LAK53A', 'H-LAK53B', 'H-ZK3A', 'F4GTI', 'H-K1']
EVAL 3 2 max 0.351724 fo [148.072 135.999  36.587  77.395]
COMBO_BEST cdgm 19 max 0.2105056 rms 0.064287 ['H-KF6', 'H-LAK53A', 'H-LAK53B', 'H-ZK3A', 'F4GTI', 'H-K1']
EVAL 3 3 max 0.210506 fo [148.1   135.836  36.641  77.38 ]
COMBO_BEST cdgm 20 max 0.1486177 rms 0.037107 ['H-KF6', 'H-LAK53A', 'H-LAK53B', 'H-ZK3A', 'F4GTI', 'H-K1']
EVAL 3 4 max 0.148618 fo [148.031 135.664  36.704  77.295]
EVAL 3 5 max 0.186266 fo [148.08  135.777  36.742  77.052]
EVAL 3 6 max 0.198141 fo [148.101 135.718  36.698  77.23 ]
COMBO_BEST cdgm 21 max 0.131756 rms 0.0333215 ['H-KF6', 'H-LAK53A', 'H-LAK53B', 'H-ZK3A', 'F4GTI', 'H-K1']
EVAL 3 7 max 0.131756 fo [148.033 135.659  36.704  77.279]
COMBO_BEST cdgm 22 max 0.1279796 rms 0.0321705 ['H-KF6', 'H-LAK53A', 'H-LAK53B', 'H-ZK3A', 'F4GTI', 'H-K1']
EVAL 3 8 max 0.12798 fo [148.098 135.709  36.706  77.278]
EVAL 3 9 max 0.228613 fo [148.073 135.665  36.708  77.264]
GLOBAL_BEST cdgm 23 max 0.1202738 rms 0.0316174 ['H-KF6', 'H-LAK53A', 'H-LAK53B', 'H-ZK3A', 'F4GTI', 'H-K1']
EVAL 3 10 max 0.120274 fo [148.018 135.613  36.708  77.275]
EVAL 3 11 max 0.123445 fo [148.114 135.707  36.708  77.275]
EVAL 3 12 max 0.120974 fo [148.068 135.654  36.709  77.274]
GLOBAL_BEST cdgm 24 max 0.1186459 rms 0.0317685 ['H-KF6', 'H-LAK53A', 'H-LAK53B', 'H-ZK3A', 'F4GTI', 'H-K1']
EVAL 3 13 max 0.118646 fo [148.071 135.652  36.709  77.273]
ROUND_END 3 Round wall-clock budget reached
GLOBAL_BEST cdgm 25 max 0.1179467 rms 0.0322173 ['H-KF6', 'H-LAK53A', 'H-LAK53B', 'H-ZK3A', 'F4GTI', 'H-K1']
EVAL 4 1 max 0.117947 fo [147.857 135.454  36.694  77.275]
EVAL 4 2 max 0.120903 fo [148.159 135.599  36.719  77.274]
EVAL 4 3 max 0.142955 fo [148.2   135.771  36.692  77.277]
EVAL 4 4 max 0.118425 fo [148.245 135.718  36.713  77.276]
GLOBAL_BEST cdgm 26 max 0.1169948 rms 0.032178 ['H-KF6', 'H-LAK53A', 'H-LAK53B', 'H-ZK3A', 'F4GTI', 'H-K1']
EVAL 4 5 max 0.116995 fo [148.162 135.637  36.712  77.272]
GLOBAL_BEST cdgm 27 max 0.1165238 rms 0.0306479 ['H-KF6', 'H-LAK53A', 'H-LAK53B', 'H-ZK3A', 'F4GTI', 'H-K1']
EVAL 4 6 max 0.116524 fo [148.179 135.646  36.714  77.275]
GLOBAL_BEST cdgm 28 max 0.11623 rms 0.0309348 ['H-KF6', 'H-LAK53A', 'H-LAK53B', 'H-ZK3A', 'F4GTI', 'H-K1']
EVAL 4 7 max 0.11623 fo [148.191 135.675  36.711  77.274]
GLOBAL_BEST cdgm 29 max 0.1154449 rms 0.0309713 ['H-KF6', 'H-LAK53A', 'H-LAK53B', 'H-ZK3A', 'F4GTI', 'H-K1']
EVAL 4 8 max 0.115445 fo [148.167 135.65   36.711  77.274]
EVAL 4 9 max 0.115677 fo [148.171 135.657  36.71   77.274]
EVAL 4 10 max 0.115621 fo [148.17  135.657  36.71   77.274]
EVAL 4 11 max 0.115605 fo [148.169 135.657  36.71   77.274]
ROUND_END 4 Round wall-clock budget reached
FO_PRECONDITION 5 before [150.40294191349614, 138.54296976546456, 36.64267365926647, 77.27413547937941] after [148.0999993890238, 135.89999945101331, 36.60000008573843, 77.41599994488467] feasible True
COMBO_BEST cdgm 30 max 0.232392 rms 0.0633473 ['H-KF6', 'H-LAK3', 'H-LAK53B', 'H-ZK3A', 'F4GTI', 'H-K1']
EVAL 5 1 max 0.232392 fo [148.1   135.9    36.6    77.416]
COMBO_BEST cdgm 31 max 0.1414168 rms 0.0427366 ['H-KF6', 'H-LAK3', 'H-LAK53B', 'H-ZK3A', 'F4GTI', 'H-K1']
EVAL 5 2 max 0.141417 fo [148.085 135.913  36.612  77.441]
EVAL 5 3 max 0.149323 fo [147.988 136.129  36.566  77.429]
COMBO_BEST cdgm 32 max 0.1318259 rms 0.0416881 ['H-KF6', 'H-LAK3', 'H-LAK53B', 'H-ZK3A', 'F4GTI', 'H-K1']
EVAL 5 4 max 0.131826 fo [148.041 136.062  36.585  77.447]
EVAL 5 5 max 0.140371 fo [148.031 135.984  36.608  77.441]
EVAL 5 6 max 0.133769 fo [147.98  135.981  36.59   77.443]
EVAL 5 7 max 0.133701 fo [148.044 136.084  36.586  77.441]
COMBO_BEST cdgm 33 max 0.1330594 rms 0.034645 ['H-KF6', 'H-LAK3', 'H-LAK53B', 'H-ZK3A', 'F4GTI', 'H-K1']
EVAL 5 8 max 0.133059 fo [148.03  136.087  36.586  77.443]
COMBO_BEST cdgm 34 max 0.1323149 rms 0.0342898 ['H-KF6', 'H-LAK3', 'H-LAK53B', 'H-ZK3A', 'F4GTI', 'H-K1']
EVAL 5 9 max 0.132315 fo [148.07  136.135  36.585  77.443]
EVAL 5 10 max 0.13241 fo [148.046 136.117  36.585  77.443]
COMBO_BEST cdgm 35 max 0.132011 rms 0.0334047 ['H-KF6', 'H-LAK3', 'H-LAK53B', 'H-ZK3A', 'F4GTI', 'H-K1']
EVAL 5 11 max 0.132011 fo [148.032 136.123  36.583  77.443]
CLOSED cdgm Phase closing margin reached best D:\_Camera\LensRebuild\SuperSymmarXL\overnight_20260915\cdgm\best\candidate_00029.zmx
