init True
successfully unlocked Spatial components
app ZemaxUI.Common.ViewModels.ZOSAPI_Application license True
COMBO_BEST general 2 max 0.1068091 rms 0.0288736 ['KF9', 'N-LAK33B', 'N-LAK33B', 'N-SK5', 'F2', 'K10']
EVAL 0 1 max 0.106809 fo [148.095 135.871  36.736  77.251]
init True
init True
init True
init True
init True
init True
init True
successfully unlocked Spatial components
successfully unlocked Spatial components
successfully unlocked Spatial components
successfully unlocked Spatial components
successfully unlocked Spatial components
successfully unlocked Spatial components
successfully unlocked Spatial components
app ZemaxUI.Common.ViewModels.ZOSAPI_Application license True
app ZemaxUI.Common.ViewModels.ZOSAPI_Application license True
app ZemaxUI.Common.ViewModels.ZOSAPI_Application license True
app ZemaxUI.Common.ViewModels.ZOSAPI_Application license True
app ZemaxUI.Common.ViewModels.ZOSAPI_Application license True
app ZemaxUI.Common.ViewModels.ZOSAPI_Application license True
app ZemaxUI.Common.ViewModels.ZOSAPI_Application license True
EVAL 0 2 max 0.145903 fo [148.083 135.913  36.699  77.327]
EVAL 0 3 max 0.120008 fo [148.083 135.91   36.712  77.247]
EVAL 0 4 max 0.113256 fo [148.095 135.89   36.731  77.254]
EVAL 0 5 max 0.110548 fo [148.081 135.875  36.731  77.253]
EVAL 0 6 max 0.110789 fo [148.088 135.89   36.73   77.254]
EVAL 0 7 max 0.110738 fo [148.083 135.884  36.731  77.254]
EVAL 0 8 max 0.110678 fo [148.086 135.887  36.731  77.254]
EVAL 0 9 max 0.110504 fo [148.088 135.887  36.732  77.256]
EVAL 0 10 max 0.110528 fo [148.086 135.886  36.732  77.256]
EVAL 0 11 max 0.110507 fo [148.086 135.885  36.732  77.256]
EVAL 0 12 max 0.110488 fo [148.087 135.887  36.732  77.256]
EVAL 0 13 max 0.110412 fo [148.088 135.887  36.732  77.256]
ROUND_END 0 Round wall-clock budget reached
GLOBAL_BEST general 3 max 0.1064048 rms 0.0287299 ['N-KF9', 'N-LAK33B', 'N-LAK33B', 'N-SK5', 'F2', 'K10']
EVAL 1 1 max 0.106405 fo [148.113 135.895  36.735  77.251]
EVAL 1 2 max 0.147292 fo [148.072 135.915  36.699  77.354]
EVAL 1 3 max 0.116683 fo [148.07  135.949  36.725  77.283]
EVAL 1 4 max 0.109562 fo [148.056 135.988  36.712  77.28 ]
EVAL 1 5 max 0.110256 fo [148.071 135.966  36.721  77.283]
EVAL 1 6 max 0.108768 fo [148.07  135.985  36.717  77.282]
EVAL 1 7 max 0.108339 fo [148.065 135.984  36.716  77.282]
EVAL 1 8 max 0.108248 fo [148.063 135.983  36.716  77.282]
EVAL 1 9 max 0.108226 fo [148.063 135.983  36.716  77.282]
EVAL 1 10 max 0.108221 fo [148.063 135.983  36.716  77.282]
EVAL 1 11 max 0.108225 fo [148.063 135.983  36.716  77.282]
EVAL 1 12 max 0.108225 fo [148.063 135.983  36.716  77.282]
EVAL 1 13 max 0.108225 fo [148.063 135.983  36.716  77.282]
EVAL 1 14 max 0.108225 fo [148.063 135.983  36.716  77.282]
EVAL 1 15 max 0.108225 fo [148.063 135.983  36.716  77.282]
EVAL 1 16 max 0.108225 fo [148.063 135.983  36.716  77.282]
ROUND_END 1 Jacobian budget reached
EVAL 2 1 max 0.11093 fo [148.169 135.921  36.742  77.259]
EVAL 2 2 max 0.109086 fo [148.066 135.933  36.722  77.269]
EVAL 2 3 max 0.110683 fo [148.102 135.896  36.734  77.259]
EVAL 2 4 max 0.110524 fo [148.129 135.888  36.74   77.259]
EVAL 2 5 max 0.110676 fo [148.119 135.89   36.738  77.259]
EVAL 2 6 max 0.110553 fo [148.126 135.888  36.74   77.259]
EVAL 2 7 max 0.110542 fo [148.128 135.888  36.74   77.259]
EVAL 2 8 max 0.110528 fo [148.129 135.888  36.74   77.259]
EVAL 2 9 max 0.110525 fo [148.129 135.888  36.74   77.259]
EVAL 2 10 max 0.110524 fo [148.129 135.888  36.74   77.259]
EVAL 2 11 max 0.110524 fo [148.129 135.888  36.74   77.259]
EVAL 2 12 max 0.110524 fo [148.129 135.888  36.74   77.259]
EVAL 2 13 max 0.110524 fo [148.129 135.888  36.74   77.259]
EVAL 2 14 max 0.110524 fo [148.129 135.888  36.74   77.259]
EVAL 2 15 max 0.110524 fo [148.129 135.888  36.74   77.259]
ROUND_END 2 `xtol` termination condition is satisfied.
EVAL 3 1 max 0.447254 fo [145.745 132.701  36.917  77.251]
COMBO_BEST general 4 max 0.3298208 rms 0.0951323 ['H-KF6', 'N-LAK33B', 'N-LAK33B', 'N-SK5', 'F2', 'K10']
EVAL 3 2 max 0.329821 fo [147.865 135.578  36.749  77.123]
COMBO_BEST general 5 max 0.1708311 rms 0.0543065 ['H-KF6', 'N-LAK33B', 'N-LAK33B', 'N-SK5', 'F2', 'K10']
EVAL 3 3 max 0.170831 fo [148.135 135.885  36.735  77.133]
COMBO_BEST general 6 max 0.1187109 rms 0.0344173 ['H-KF6', 'N-LAK33B', 'N-LAK33B', 'N-SK5', 'F2', 'K10']
EVAL 3 4 max 0.118711 fo [148.096 135.937  36.704  77.132]
EVAL 3 5 max 0.137979 fo [148.071 135.956  36.675  77.347]
EVAL 3 6 max 0.130474 fo [148.063 135.949  36.649  77.347]
COMBO_BEST general 7 max 0.1105371 rms 0.0288874 ['H-KF6', 'N-LAK33B', 'N-LAK33B', 'N-SK5', 'F2', 'K10']
EVAL 3 7 max 0.110537 fo [148.055 135.999  36.66   77.346]
EVAL 3 8 max 0.113144 fo [148.07  136.02   36.659  77.346]
EVAL 3 9 max 0.115041 fo [148.038 135.973  36.66   77.345]
COMBO_BEST general 8 max 0.1102354 rms 0.026006 ['H-KF6', 'N-LAK33B', 'N-LAK33B', 'N-SK5', 'F2', 'K10']
EVAL 3 10 max 0.110235 fo [148.041 135.975  36.656  77.345]
EVAL 3 11 max 0.112386 fo [148.041 135.98   36.659  77.345]
EVAL 3 12 max 0.114313 fo [148.042 135.979  36.66   77.345]
EVAL 3 13 max 0.114201 fo [148.042 135.979  36.66   77.345]
EVAL 3 14 max 0.114285 fo [148.042 135.979  36.66   77.345]
EVAL 3 15 max 0.114306 fo [148.042 135.979  36.66   77.345]
EVAL 3 16 max 0.114312 fo [148.042 135.979  36.66   77.345]
EVAL 3 17 max 0.114313 fo [148.042 135.979  36.66   77.345]
EVAL 3 18 max 0.114316 fo [148.042 135.979  36.66   77.345]
EVAL 3 19 max 0.114313 fo [148.042 135.979  36.66   77.345]
ROUND_END 3 `xtol` termination condition is satisfied.
EVAL 4 1 max 0.106728 fo [147.895 135.693  36.719  77.253]
EVAL 4 2 max 0.114932 fo [148.076 135.933  36.708  77.269]
EVAL 4 3 max 0.13775 fo [148.058 135.951  36.693  77.265]
EVAL 4 4 max 0.112188 fo [148.054 135.912  36.708  77.267]
init True
successfully unlocked Spatial components
app ZemaxUI.Common.ViewModels.ZOSAPI_Application license True
NORMALIZE256 9 max 0.1069375021732909 feasible True
NORMALIZE256 10 max 0.11270285445515793 feasible True
EVAL 0 1 max 0.106809 fo [148.095 135.871  36.736  77.251]
init True
init True
init True
init True
init True
init True
init True
successfully unlocked Spatial components
successfully unlocked Spatial components
successfully unlocked Spatial components
successfully unlocked Spatial components
successfully unlocked Spatial components
successfully unlocked Spatial components
successfully unlocked Spatial components
app ZemaxUI.Common.ViewModels.ZOSAPI_Application license True
app ZemaxUI.Common.ViewModels.ZOSAPI_Application license True
app ZemaxUI.Common.ViewModels.ZOSAPI_Application license True
app ZemaxUI.Common.ViewModels.ZOSAPI_Application license True
app ZemaxUI.Common.ViewModels.ZOSAPI_Application license True
app ZemaxUI.Common.ViewModels.ZOSAPI_Application license True
app ZemaxUI.Common.ViewModels.ZOSAPI_Application license True
EVAL 0 2 max 0.149811 fo [148.083 135.914  36.706  77.325]
EVAL 0 3 max 0.127976 fo [148.086 135.904  36.72   77.255]
EVAL 0 4 max 0.11279 fo [148.101 135.878  36.737  77.257]
EVAL 0 5 max 0.110525 fo [148.088 135.869  36.736  77.256]
EVAL 0 6 max 0.109895 fo [148.094 135.885  36.734  77.255]
EVAL 0 7 max 0.110639 fo [148.09  135.883  36.734  77.256]
EVAL 0 8 max 0.11007 fo [148.09  135.881  36.734  77.256]
EVAL 0 9 max 0.110281 fo [148.091 135.883  36.734  77.256]
EVAL 0 10 max 0.110156 fo [148.092 135.883  36.735  77.257]
EVAL 0 11 max 0.110168 fo [148.09  135.882  36.735  77.257]
EVAL 0 12 max 0.110081 fo [148.092 135.883  36.735  77.257]
EVAL 0 13 max 0.110093 fo [148.09  135.881  36.735  77.258]
EVAL 0 14 max 0.110007 fo [148.092 135.883  36.735  77.258]
EVAL 0 15 max 0.110007 fo [148.09  135.881  36.736  77.258]
ROUND_END 0 Round wall-clock budget reached
EVAL 1 1 max 0.106938 fo [148.113 135.895  36.735  77.251]
EVAL 1 2 max 0.160164 fo [148.081 135.927  36.675  77.354]
EVAL 1 3 max 0.13672 fo [148.079 135.915  36.716  77.264]
EVAL 1 4 max 0.11325 fo [148.099 135.882  36.737  77.259]
EVAL 1 5 max 0.110101 fo [148.112 135.898  36.735  77.254]
EVAL 1 6 max 0.11032 fo [148.097 135.873  36.738  77.258]
EVAL 1 7 max 0.110053 fo [148.092 135.868  36.738  77.258]
EVAL 1 8 max 0.109681 fo [148.095 135.875  36.738  77.258]
EVAL 1 9 max 0.109676 fo [148.095 135.878  36.738  77.258]
EVAL 1 10 max 0.109426 fo [148.093 135.881  36.738  77.26 ]
EVAL 1 11 max 0.10935 fo [148.094 135.883  36.739  77.261]
EVAL 1 12 max 0.109403 fo [148.095 135.883  36.738  77.26 ]
EVAL 1 13 max 0.109369 fo [148.093 135.882  36.738  77.26 ]
EVAL 1 14 max 0.109269 fo [148.093 135.883  36.739  77.261]
EVAL 1 15 max 0.109213 fo [148.092 135.883  36.739  77.262]
EVAL 1 16 max 0.109111 fo [148.094 135.885  36.739  77.262]
ROUND_END 1 Round wall-clock budget reached
EVAL 2 1 max 0.11232 fo [148.151 135.897  36.743  77.259]
EVAL 2 2 max 0.109646 fo [148.101 135.858  36.756  77.269]
EVAL 2 3 max 0.108081 fo [148.105 135.846  36.747  77.259]
EVAL 2 4 max 0.109234 fo [148.124 135.87   36.746  77.259]
EVAL 2 5 max 0.110049 fo [148.11  135.858  36.746  77.261]
EVAL 2 6 max 0.109707 fo [148.103 135.856  36.746  77.261]
EVAL 2 7 max 0.109715 fo [148.104 135.86   36.746  77.262]
EVAL 2 8 max 0.109729 fo [148.106 135.859  36.746  77.261]
init True
successfully unlocked Spatial components
app ZemaxUI.Common.ViewModels.ZOSAPI_Application license True
EVAL 0 1 max 0.106809 fo [148.095 135.871  36.736  77.251]
init True
init True
init True
init True
init True
init True
init True
successfully unlocked Spatial components
successfully unlocked Spatial components
successfully unlocked Spatial components
successfully unlocked Spatial components
successfully unlocked Spatial components
successfully unlocked Spatial components
successfully unlocked Spatial components
app ZemaxUI.Common.ViewModels.ZOSAPI_Application license True
app ZemaxUI.Common.ViewModels.ZOSAPI_Application license True
app ZemaxUI.Common.ViewModels.ZOSAPI_Application license True
app ZemaxUI.Common.ViewModels.ZOSAPI_Application license True
app ZemaxUI.Common.ViewModels.ZOSAPI_Application license True
app ZemaxUI.Common.ViewModels.ZOSAPI_Application license True
app ZemaxUI.Common.ViewModels.ZOSAPI_Application license True
EVAL 0 2 max 0.135099 fo [148.059 135.869  36.694  77.289]
EVAL 0 3 max 0.128136 fo [148.037 135.95   36.637  77.178]
EVAL 0 4 max 0.117417 fo [148.037 135.913  36.703  77.237]
EVAL 0 5 max 0.112316 fo [148.075 135.879  36.729  77.252]
EVAL 0 6 max 0.108564 fo [148.101 135.884  36.735  77.252]
EVAL 0 7 max 0.107349 fo [148.101 135.879  36.736  77.251]
EVAL 0 8 max 0.107426 fo [148.1   135.878  36.736  77.252]
EVAL 0 9 max 0.107441 fo [148.1   135.878  36.736  77.252]
EVAL 0 10 max 0.107455 fo [148.099 135.877  36.736  77.252]
EVAL 0 11 max 0.107469 fo [148.099 135.877  36.736  77.252]
EVAL 0 12 max 0.107482 fo [148.098 135.876  36.736  77.252]
EVAL 0 13 max 0.107494 fo [148.098 135.876  36.736  77.252]
EVAL 0 14 max 0.107506 fo [148.097 135.875  36.736  77.252]
EVAL 0 15 max 0.107517 fo [148.096 135.875  36.736  77.252]
EVAL 0 16 max 0.107528 fo [148.096 135.874  36.736  77.252]
ROUND_END 0 Round wall-clock budget reached
EVAL 1 1 max 0.106938 fo [148.113 135.895  36.735  77.251]
EVAL 1 2 max 0.12739 fo [148.043 135.801  36.654  77.247]
EVAL 1 3 max 0.131261 fo [148.038 135.955  36.613  77.168]
EVAL 1 4 max 0.116041 fo [148.036 135.924  36.696  77.23 ]
EVAL 1 5 max 0.112058 fo [148.064 135.878  36.726  77.25 ]
EVAL 1 6 max 0.108703 fo [148.093 135.881  36.733  77.252]
EVAL 1 7 max 0.107344 fo [148.107 135.89   36.734  77.252]
EVAL 1 8 max 0.107476 fo [148.092 135.875  36.734  77.252]
EVAL 1 9 max 0.107512 fo [148.08  135.862  36.734  77.252]
EVAL 1 10 max 0.107494 fo [148.072 135.854  36.734  77.252]
EVAL 1 11 max 0.10743 fo [148.068 135.851  36.734  77.252]
EVAL 1 12 max 0.107339 fo [148.066 135.851  36.734  77.252]
EVAL 1 13 max 0.107307 fo [148.066 135.853  36.734  77.252]
EVAL 1 14 max 0.107238 fo [148.066 135.855  36.734  77.252]
ROUND_END 1 Round wall-clock budget reached
EVAL 2 1 max 0.11232 fo [148.151 135.897  36.743  77.259]
EVAL 2 2 max 0.211003 fo [148.075 135.81   36.75   77.247]
GLOBAL_BEST general 11 max 0.1055035 rms 0.0302966 ['KF9', 'N-LAK33B', 'N-LAK33B', 'N-SK5', 'F2', 'K10']
EVAL 2 3 max 0.105504 fo [148.045 135.768  36.747  77.255]
EVAL 2 4 max 0.106831 fo [148.115 135.85   36.745  77.255]
EVAL 2 5 max 0.107201 fo [148.114 135.852  36.745  77.255]
EVAL 2 6 max 0.106926 fo [148.115 135.851  36.745  77.255]
EVAL 2 7 max 0.106948 fo [148.115 135.851  36.745  77.255]
EVAL 2 8 max 0.106953 fo [148.115 135.851  36.745  77.255]
EVAL 2 9 max 0.106955 fo [148.115 135.851  36.745  77.255]
EVAL 2 10 max 0.106955 fo [148.115 135.851  36.745  77.255]
EVAL 2 11 max 0.106955 fo [148.115 135.851  36.745  77.255]
EVAL 2 12 max 0.106955 fo [148.115 135.851  36.745  77.255]
ROUND_END 2 Round wall-clock budget reached
EVAL 3 1 max 0.465213 fo [145.696 132.601  36.927  77.255]
EVAL 3 2 max 0.322131 fo [147.835 135.528  36.767  77.096]
EVAL 3 3 max 0.148838 fo [148.122 135.888  36.744  77.103]
EVAL 3 4 max 0.148217 fo [148.132 135.98   36.726  77.195]
EVAL 3 5 max 0.133225 fo [148.101 135.901  36.733  77.191]
EVAL 3 6 max 0.17465 fo [148.092 136.004  36.707  77.186]
EVAL 3 7 max 0.118369 fo [148.126 135.945  36.729  77.192]
EVAL 3 8 max 0.117281 fo [148.121 135.988  36.72   77.193]
EVAL 3 9 max 0.116451 fo [148.15  135.987  36.726  77.192]
EVAL 3 10 max 0.116976 fo [148.106 135.945  36.726  77.192]
EVAL 3 11 max 0.115534 fo [148.104 135.946  36.726  77.194]
EVAL 3 12 max 0.116392 fo [148.105 135.944  36.726  77.193]
ROUND_END 3 Round wall-clock budget reached
EVAL 4 1 max 0.104354 fo [147.827 135.567  36.731  77.256]
EVAL 4 2 max 0.121513 fo [148.058 135.942  36.694  77.242]
EVAL 4 3 max 0.114813 fo [148.087 135.882  36.722  77.257]
EVAL 4 4 max 0.112024 fo [148.03  135.814  36.724  77.257]
EVAL 4 5 max 0.108434 fo [148.021 135.791  36.726  77.255]
EVAL 4 6 max 0.110045 fo [148.052 135.826  36.726  77.255]
EVAL 4 7 max 0.109167 fo [148.044 135.817  36.726  77.255]
EVAL 4 8 max 0.108554 fo [148.044 135.815  36.727  77.255]
EVAL 4 9 max 0.108649 fo [148.055 135.825  36.727  77.254]
EVAL 4 10 max 0.107709 fo [148.057 135.826  36.727  77.254]
EVAL 4 11 max 0.110458 fo [148.061 135.845  36.724  77.253]
EVAL 4 12 max 0.108591 fo [148.065 135.839  36.726  77.254]
EVAL 4 13 max 0.107984 fo [148.062 135.832  36.727  77.254]
EVAL 4 14 max 0.107784 fo [148.059 135.828  36.727  77.254]
ROUND_END 4 Round wall-clock budget reached
EVAL 5 1 max 0.462168 fo [152.116 141.258  36.451  77.255]
EVAL 5 2 max 0.60699 fo [148.676 137.943  36.44   77.35 ]
EVAL 5 3 max 0.443382 fo [149.446 138.365  36.472  77.25 ]
EVAL 5 4 max 0.43842 fo [149.257 138.363  36.444  77.266]
EVAL 5 5 max 0.434222 fo [148.788 137.836  36.451  77.262]
EVAL 5 6 max 0.436638 fo [148.623 137.679  36.448  77.255]
EVAL 5 7 max 0.436058 fo [148.714 137.847  36.437  77.252]
EVAL 5 8 max 0.439314 fo [148.462 137.624  36.433  77.249]
EVAL 5 9 max 0.434441 fo [148.685 137.934  36.422  77.251]
EVAL 5 10 max 0.43538 fo [148.561 137.798  36.423  77.251]
EVAL 5 11 max 0.43736 fo [148.37  137.607  36.423  77.249]
ROUND_END 5 Round wall-clock budget reached
EVAL 6 1 max 0.106204 fo [147.955 135.649  36.747  77.253]
EVAL 6 2 max 0.113414 fo [148.07  135.875  36.722  77.247]
EVAL 6 3 max 0.110726 fo [148.096 135.828  36.74   77.253]
EVAL 6 4 max 0.10918 fo [148.053 135.778  36.741  77.252]
EVAL 6 5 max 0.108046 fo [148.053 135.777  36.741  77.251]
EVAL 6 6 max 0.107973 fo [148.075 135.807  36.74   77.25 ]
EVAL 6 7 max 0.108167 fo [148.072 135.805  36.739  77.25 ]
EVAL 6 8 max 0.108094 fo [148.068 135.802  36.739  77.25 ]
EVAL 6 9 max 0.107971 fo [148.069 135.806  36.739  77.249]
EVAL 6 10 max 0.108106 fo [148.071 135.811  36.738  77.249]
EVAL 6 11 max 0.108032 fo [148.071 135.809  36.738  77.249]
EVAL 6 12 max 0.107994 fo [148.07  135.807  36.739  77.249]
EVAL 6 13 max 0.107978 fo [148.07  135.806  36.739  77.249]
EVAL 6 14 max 0.107973 fo [148.07  135.806  36.739  77.249]
EVAL 6 15 max 0.107972 fo [148.07  135.806  36.739  77.249]
EVAL 6 16 max 0.107971 fo [148.07  135.806  36.739  77.249]
EVAL 6 17 max 0.107971 fo [148.07  135.806  36.739  77.249]
EVAL 6 18 max 0.107971 fo [148.07  135.806  36.739  77.249]
EVAL 6 19 max 0.107971 fo [148.069 135.806  36.739  77.249]
ROUND_END 6 Round wall-clock budget reached
GLOBAL_BEST general 12 max 0.1051997 rms 0.0303724 ['KF9', 'H-LAK53B', 'N-LAK33B', 'N-SK5', 'F2', 'K10']
EVAL 7 1 max 0.1052 fo [148.045 135.769  36.747  77.255]
EVAL 7 2 max 0.118569 fo [148.091 135.905  36.686  77.173]
EVAL 7 3 max 0.121022 fo [148.069 135.94   36.703  77.22 ]
EVAL 7 4 max 0.11545 fo [148.146 135.917  36.738  77.256]
EVAL 7 5 max 0.107954 fo [148.135 135.875  36.744  77.255]
EVAL 7 6 max 0.107451 fo [148.1   135.838  36.744  77.255]
EVAL 7 7 max 0.108026 fo [148.086 135.83   36.743  77.255]
EVAL 7 8 max 0.107553 fo [148.094 135.834  36.744  77.255]
EVAL 7 9 max 0.107465 fo [148.098 135.836  36.744  77.255]
EVAL 7 10 max 0.107453 fo [148.099 135.838  36.744  77.255]
EVAL 7 11 max 0.107451 fo [148.099 135.838  36.744  77.255]
EVAL 7 12 max 0.107451 fo [148.099 135.838  36.744  77.255]
EVAL 7 13 max 0.107451 fo [148.1   135.838  36.744  77.255]
EVAL 7 14 max 0.107451 fo [148.1   135.838  36.744  77.255]
EVAL 7 15 max 0.107451 fo [148.1   135.838  36.744  77.255]
EVAL 7 16 max 0.107451 fo [148.1   135.838  36.744  77.255]
EVAL 7 17 max 0.107451 fo [148.1   135.838  36.744  77.255]
EVAL 7 18 max 0.107451 fo [148.1   135.838  36.744  77.255]
EVAL 7 19 max 0.107451 fo [148.1   135.838  36.744  77.255]
ROUND_END 7 `xtol` termination condition is satisfied.
EVAL 8 1 max 0.218517 fo [147.201 134.876  36.744  77.235]
EVAL 8 2 max 0.138601 fo [148.12  135.968  36.735  77.263]
EVAL 8 3 max 0.13997 fo [148.095 135.955  36.761  77.298]
EVAL 8 4 max 0.114716 fo [148.085 135.983  36.751  77.298]
EVAL 8 5 max 0.134091 fo [148.051 135.955  36.748  77.295]
EVAL 8 6 max 0.113877 fo [148.162 136.072  36.749  77.299]
EVAL 8 7 max 0.109224 fo [148.04  135.939  36.75   77.297]
EVAL 8 8 max 0.110449 fo [148.053 135.964  36.747  77.297]
EVAL 8 9 max 0.108572 fo [148.025 135.934  36.746  77.296]
EVAL 8 10 max 0.1099 fo [148.029 135.942  36.745  77.296]
EVAL 8 11 max 0.108842 fo [148.027 135.937  36.746  77.296]
EVAL 8 12 max 0.109053 fo [148.025 135.936  36.745  77.296]
ROUND_END 8 Round wall-clock budget reached
GLOBAL_BEST general 13 max 0.1049778 rms 0.0302811 ['KF9', 'H-LAK53A', 'N-LAK33B', 'N-SK5', 'F2', 'K10']
EVAL 9 1 max 0.104978 fo [148.045 135.769  36.747  77.255]
EVAL 9 2 max 0.118398 fo [148.09  135.908  36.686  77.177]
EVAL 9 3 max 0.120859 fo [148.069 135.941  36.703  77.221]
EVAL 9 4 max 0.115302 fo [148.146 135.916  36.738  77.256]
EVAL 9 5 max 0.107831 fo [148.134 135.875  36.744  77.255]
EVAL 9 6 max 0.10732 fo [148.099 135.837  36.744  77.255]
EVAL 9 7 max 0.107894 fo [148.086 135.83   36.743  77.255]
EVAL 9 8 max 0.107424 fo [148.093 135.833  36.744  77.255]
EVAL 9 9 max 0.107335 fo [148.097 135.836  36.744  77.255]
EVAL 9 10 max 0.107323 fo [148.098 135.837  36.744  77.255]
EVAL 9 11 max 0.107321 fo [148.099 135.837  36.744  77.255]
EVAL 9 12 max 0.10732 fo [148.099 135.837  36.744  77.255]
EVAL 9 13 max 0.10732 fo [148.099 135.837  36.744  77.255]
EVAL 9 14 max 0.10732 fo [148.099 135.837  36.744  77.255]
EVAL 9 15 max 0.10732 fo [148.099 135.837  36.744  77.255]
EVAL 9 16 max 0.10732 fo [148.099 135.837  36.744  77.255]
EVAL 9 17 max 0.10732 fo [148.099 135.837  36.744  77.255]
EVAL 9 18 max 0.10732 fo [148.099 135.837  36.744  77.255]
EVAL 9 19 max 0.10732 fo [148.099 135.837  36.744  77.255]
ROUND_END 9 `xtol` termination condition is satisfied.
EVAL 10 1 max 0.11207 fo [148.014 135.714  36.756  77.254]
EVAL 10 2 max 0.14785 fo [148.1   135.92   36.727  77.244]
EVAL 10 3 max 0.109672 fo [148.121 135.856  36.749  77.254]
EVAL 10 4 max 0.10835 fo [148.111 135.847  36.749  77.253]
EVAL 10 5 max 0.105733 fo [148.088 135.827  36.748  77.251]
EVAL 10 6 max 0.108137 fo [148.1   135.857  36.745  77.251]
EVAL 10 7 max 0.106526 fo [148.099 135.844  36.747  77.251]
EVAL 10 8 max 0.10655 fo [148.097 135.843  36.747  77.251]
EVAL 10 9 max 0.106597 fo [148.095 135.842  36.747  77.251]
EVAL 10 10 max 0.106635 fo [148.094 135.841  36.747  77.251]
EVAL 10 11 max 0.106662 fo [148.092 135.84   36.746  77.251]
EVAL 10 12 max 0.106684 fo [148.09  135.84   36.746  77.251]
ROUND_END 10 Round wall-clock budget reached
EVAL 11 1 max 0.216469 fo [150.299 138.681  36.679  77.255]
COMBO_BEST general 14 max 0.1763298 rms 0.0533383 ['KF9', 'H-LAK3', 'N-LAK33B', 'N-SK5', 'F2', 'K10']
EVAL 11 2 max 0.17633 fo [148.072 136.235  36.717  77.412]
EVAL 11 3 max 0.139494 fo [147.927 136.318  36.685  77.511]
EVAL 11 4 max 0.228575 fo [147.996 136.089  36.631  77.741]
EVAL 11 5 max 0.218961 fo [147.928 136.322  36.661  77.572]
EVAL 11 6 max 0.166693 fo [147.933 136.462  36.652  77.508]
EVAL 11 7 max 0.132673 fo [148.022 136.463  36.676  77.51 ]
EVAL 11 8 max 0.138536 fo [148.014 136.457  36.676  77.512]
EVAL 11 9 max 0.130555 fo [148.047 136.493  36.675  77.51 ]
EVAL 11 10 max 0.130303 fo [147.996 136.441  36.675  77.511]
EVAL 11 11 max 0.128806 fo [147.977 136.427  36.675  77.513]
EVAL 11 12 max 0.13058 fo [147.952 136.403  36.675  77.514]
EVAL 11 13 max 0.129075 fo [147.952 136.4    36.675  77.513]
EVAL 11 14 max 0.128511 fo [147.965 136.415  36.675  77.513]
ROUND_END 11 Round wall-clock budget reached
EVAL 12 1 max 0.166466 fo [147.787 135.445  36.766  77.278]
EVAL 12 2 max 0.112111 fo [148.116 135.885  36.756  77.286]
EVAL 12 3 max 0.148553 fo [148.049 135.882  36.74   77.271]
EVAL 12 4 max 0.108718 fo [148.065 135.84   36.754  77.282]
EVAL 12 5 max 0.109444 fo [148.098 135.904  36.747  77.281]
EVAL 12 6 max 0.107605 fo [148.098 135.883  36.752  77.282]
EVAL 12 7 max 0.107269 fo [148.089 135.88   36.75   77.281]
init True
successfully unlocked Spatial components
app ZemaxUI.Common.ViewModels.ZOSAPI_Application license True
EVAL 0 1 max 0.104978 fo [148.045 135.769  36.747  77.255]
init True
init True
init True
init True
init True
init True
init True
successfully unlocked Spatial components
successfully unlocked Spatial components
successfully unlocked Spatial components
successfully unlocked Spatial components
successfully unlocked Spatial components
successfully unlocked Spatial components
successfully unlocked Spatial components
app ZemaxUI.Common.ViewModels.ZOSAPI_Application license True
app ZemaxUI.Common.ViewModels.ZOSAPI_Application license True
app ZemaxUI.Common.ViewModels.ZOSAPI_Application license True
app ZemaxUI.Common.ViewModels.ZOSAPI_Application license True
app ZemaxUI.Common.ViewModels.ZOSAPI_Application license True
app ZemaxUI.Common.ViewModels.ZOSAPI_Application license True
app ZemaxUI.Common.ViewModels.ZOSAPI_Application license True
EVAL 0 2 max 0.118398 fo [148.09  135.908  36.686  77.177]
EVAL 0 3 max 0.120859 fo [148.069 135.941  36.703  77.221]
EVAL 0 4 max 0.115302 fo [148.146 135.916  36.738  77.256]
EVAL 0 5 max 0.107831 fo [148.134 135.875  36.744  77.255]
EVAL 0 6 max 0.10732 fo [148.099 135.837  36.744  77.255]
EVAL 0 7 max 0.107894 fo [148.086 135.83   36.743  77.255]
EVAL 0 8 max 0.107424 fo [148.093 135.833  36.744  77.255]
EVAL 0 9 max 0.107335 fo [148.097 135.836  36.744  77.255]
EVAL 0 10 max 0.107323 fo [148.098 135.837  36.744  77.255]
EVAL 0 11 max 0.107321 fo [148.099 135.837  36.744  77.255]
EVAL 0 12 max 0.10732 fo [148.099 135.837  36.744  77.255]
EVAL 0 13 max 0.10732 fo [148.099 135.837  36.744  77.255]
EVAL 0 14 max 0.10732 fo [148.099 135.837  36.744  77.255]
EVAL 0 15 max 0.10732 fo [148.099 135.837  36.744  77.255]
EVAL 0 16 max 0.10732 fo [148.099 135.837  36.744  77.255]
EVAL 0 17 max 0.10732 fo [148.099 135.837  36.744  77.255]
EVAL 0 18 max 0.10732 fo [148.099 135.837  36.744  77.255]
EVAL 0 19 max 0.10732 fo [148.099 135.837  36.744  77.255]
ROUND_END 0 `xtol` termination condition is satisfied.
FO_PRECONDITION 1 before [152.11631759943563, 141.25834511536235, 36.45110135257947, 77.25460001272867] after [148.09999716119327, 135.8999970284601, 36.60000003064919, 77.41599996088415] feasible True
COMBO_BEST general 15 max 0.5842068 rms 0.2576347 ['H-K12', 'N-LAK33B', 'N-LAK33B', 'N-SK5', 'F2', 'K10']
EVAL 1 1 max 0.584207 fo [148.1   135.9    36.6    77.416]
COMBO_BEST general 16 max 0.5757722 rms 0.2562762 ['H-K12', 'N-LAK33B', 'N-LAK33B', 'N-SK5', 'F2', 'K10']
EVAL 1 2 max 0.575772 fo [147.902 135.538  36.626  77.6  ]
EVAL 1 3 max 0.54236 fo [148.461 136.261  36.595  77.572]
EVAL 1 4 max 0.483722 fo [148.385 136.569  36.52   77.517]
EVAL 1 5 max 0.51791 fo [148.645 137.186  36.478  77.554]
EVAL 1 6 max 0.465313 fo [149.123 137.431  36.504  77.524]
EVAL 1 7 max 0.459394 fo [148.607 136.921  36.502  77.524]
EVAL 1 8 max 0.453397 fo [149.146 137.614  36.48   77.528]
EVAL 1 9 max 0.458151 fo [148.821 137.174  36.496  77.525]
EVAL 1 10 max 0.453346 fo [149.024 137.468  36.483  77.525]
EVAL 1 11 max 0.449485 fo [148.747 137.205  36.479  77.522]
EVAL 1 12 max 0.44559 fo [149.007 137.55   36.467  77.523]
EVAL 1 13 max 0.445089 fo [148.902 137.438  36.468  77.523]
EVAL 1 14 max 0.442832 fo [148.756 137.301  36.466  77.521]
ROUND_END 1 Round wall-clock budget reached
EVAL 2 1 max 0.109797 fo [148.101 135.794  36.754  77.262]
EVAL 2 2 max 0.149019 fo [148.066 135.84   36.739  77.247]
EVAL 2 3 max 0.10507 fo [148.069 135.765  36.753  77.257]
EVAL 2 4 max 0.107727 fo [148.138 135.846  36.751  77.258]
EVAL 2 5 max 0.107863 fo [148.132 135.842  36.751  77.258]
EVAL 2 6 max 0.107864 fo [148.129 135.84   36.751  77.258]
EVAL 2 7 max 0.107864 fo [148.129 135.839  36.751  77.258]
EVAL 2 8 max 0.107863 fo [148.129 135.839  36.751  77.258]
EVAL 2 9 max 0.107863 fo [148.129 135.839  36.751  77.258]
EVAL 2 10 max 0.107863 fo [148.129 135.839  36.751  77.258]
EVAL 2 11 max 0.107863 fo [148.129 135.839  36.751  77.258]
EVAL 2 12 max 0.107863 fo [148.129 135.839  36.751  77.258]
EVAL 2 13 max 0.107863 fo [148.129 135.839  36.751  77.258]
ROUND_END 2 Round wall-clock budget reached
FO_PRECONDITION 3 before [148.0451117595503, 135.76859017231777, 36.74683187798144, 77.25460001272867] after [148.09999999232664, 135.90000000766193, 36.60000014683836, 77.41599992587962] feasible True
COMBO_BEST general 17 max 0.2366127 rms 0.0530508 ['KF9', 'N-LAK33B', 'H-LAK53B', 'N-SK5', 'F2', 'K10']
EVAL 3 1 max 0.236613 fo [148.1   135.9    36.6    77.416]
COMBO_BEST general 18 max 0.1313193 rms 0.0307442 ['KF9', 'N-LAK33B', 'H-LAK53B', 'N-SK5', 'F2', 'K10']
EVAL 3 2 max 0.131319 fo [148.082 135.86   36.601  77.381]
EVAL 3 3 max 0.25767 fo [148.102 135.807  36.622  77.24 ]
EVAL 3 4 max 0.163917 fo [148.069 135.714  36.631  77.362]
COMBO_BEST general 19 max 0.1191473 rms 0.0274806 ['KF9', 'N-LAK33B', 'H-LAK53B', 'N-SK5', 'F2', 'K10']
EVAL 3 5 max 0.119147 fo [147.979 135.711  36.61   77.376]
EVAL 3 6 max 0.152678 fo [148.045 135.698  36.629  77.37 ]
COMBO_BEST general 20 max 0.1149427 rms 0.0276445 ['KF9', 'N-LAK33B', 'H-LAK53B', 'N-SK5', 'F2', 'K10']
EVAL 3 7 max 0.114943 fo [147.991 135.703  36.614  77.374]
COMBO_BEST general 21 max 0.1117189 rms 0.0284821 ['KF9', 'N-LAK33B', 'H-LAK53B', 'N-SK5', 'F2', 'K10']
EVAL 3 8 max 0.111719 fo [148.05  135.725  36.624  77.374]
EVAL 3 9 max 0.116522 fo [148.068 135.793  36.611  77.371]
EVAL 3 10 max 0.113897 fo [148.087 135.778  36.621  77.374]
EVAL 3 11 max 0.112537 fo [148.073 135.753  36.623  77.374]
EVAL 3 12 max 0.112637 fo [148.076 135.757  36.623  77.374]
EVAL 3 13 max 0.112652 fo [148.076 135.758  36.623  77.374]
EVAL 3 14 max 0.112659 fo [148.076 135.758  36.623  77.374]
EVAL 3 15 max 0.11266 fo [148.077 135.758  36.623  77.374]
EVAL 3 16 max 0.11266 fo [148.076 135.758  36.623  77.374]
ROUND_END 3 `ftol` termination condition is satisfied.
EVAL 4 1 max 0.103853 fo [147.827 135.567  36.731  77.256]
EVAL 4 2 max 0.121567 fo [148.057 135.94   36.694  77.243]
EVAL 4 3 max 0.11474 fo [148.085 135.88   36.722  77.257]
EVAL 4 4 max 0.111963 fo [148.03  135.813  36.724  77.257]
EVAL 4 5 max 0.108344 fo [148.02  135.791  36.726  77.255]
CLOSED general Phase closing margin reached best D:\_Camera\LensRebuild\SuperSymmarXL\overnight_20260915\general\best\candidate_00013.zmx
